// Jest Snapshot v1, https://goo.gl/fbAQLP

exports[`expect to render Card componet 1`] = `
<div
  className="tc bg-light-green br3 dib pa3 ma2 grow bw2 shadow-5"
>
  <img
    alt="robots"
    src="https://robohash.org/undefined?size=200x200"
  />
  <div>
    <h2 />
    <p />
  </div>
</div>
`;
