// Jest Snapshot v1, https://goo.gl/fbAQLP

exports[`renders mainpage without crashing 1`] = `
<div
  className="tc"
>
  <Header />
  <SearchBox />
  <Scroll>
    <ErrorBoundry>
      <CardList
        robots={Array []}
      />
    </ErrorBoundry>
  </Scroll>
</div>
`;
